../Core/Src/main.c:87:5:main	16	static
../Core/Src/main.c:142:6:SystemClock_Config	120	static
../Core/Src/main.c:197:6:PeriphCommonClock_Config	200	static
../Core/Src/main.c:224:13:MX_ADC1_Init	48	static
../Core/Src/main.c:292:13:MX_ADC3_Init	40	static
../Core/Src/main.c:350:13:MX_TIM2_Init	40	static
../Core/Src/main.c:395:13:MX_USART3_UART_Init	8	static
../Core/Src/main.c:443:13:MX_GPIO_Init	72	static
../Core/Src/main.c:870:10:decodeIRSignal	112	static
../Core/Src/main.c:947:6:delay_x	16	static
../Core/Src/main.c:953:6:sendMessage	48	static
../Core/Src/main.c:984:6:sendBinSignal	24	static
../Core/Src/main.c:995:6:sendDecSignal	16	static
../Core/Src/main.c:1007:6:Error_Handler	4	static,ignoring_inline_asm
